// Jest Snapshot v1, https://goo.gl/fbAQLP

exports[`Validate Prettier configuration should format a file correctly 1`] = `
"// @ts-expect-error no webpack dep
// @ts-expect-error no react dep
import * as React from 'react'
import wonderful from 'wonderful'
// @ts-expect-error no relative dep
import { formatAge } from '../formats'

interface Props {
  name: string
  age: number
}

const Foo: React.FC<Props> = ({ name, age }) => {
  return (
    <div>
      <h1>My name is {wonderful(name)}.</h1>
      <h2>I am {formatAge(age)}.</h2>
    </div>
  )
}

export default Foo
"
`;
